// Jest Snapshot v1, https://goo.gl/fbAQLP

exports[`InputButton tests should render correctly 1`] = `
<form
  className="field has-addons"
  onSubmit={[Function]}
>
  <div
    className="control grow"
  >
    <input
      autoFocus="true"
      className="input"
      required={true}
      type="text"
    />
  </div>
  <div
    className="control"
  >
    <button
      className="button is-primary"
      onClick={[Function]}
      type="button"
    />
  </div>
</form>
`;
